15:52:24 **** Incremental Build of configuration Debug for project 06_Harici_Kesme_Uygulamasi ****
make -j20 all 
arm-none-eabi-gcc "../Core/Src/stm32f4xx_it.c" -mcpu=cortex-m4 -std=gnu11 -g3 -DDEBUG -DUSE_HAL_DRIVER -DSTM32F407xx -c -I../Core/Inc -I../Drivers/STM32F4xx_HAL_Driver/Inc -I../Drivers/STM32F4xx_HAL_Driver/Inc/Legacy -I../Drivers/CMSIS/Device/ST/STM32F4xx/Include -I../Drivers/CMSIS/Include -O0 -ffunction-sections -fdata-sections -Wall -fstack-usage -fcyclomatic-complexity -MMD -MP -MF"Core/Src/stm32f4xx_it.d" -MT"Core/Src/stm32f4xx_it.o" --specs=nano.specs -mfpu=fpv4-sp-d16 -mfloat-abi=hard -mthumb -o "Core/Src/stm32f4xx_it.o"
arm-none-eabi-gcc -o "06_Harici_Kesme_Uygulamasi.elf" @"objects.list"   -mcpu=cortex-m4 -T"C:\Users\atill\STM32CubeIDE\workspace_1.15.1\06_Harici_Kesme_Uygulamasi\STM32F407VGTX_FLASH.ld" --specs=nosys.specs -Wl,-Map="06_Harici_Kesme_Uygulamasi.map" -Wl,--gc-sections -static --specs=nano.specs -mfpu=fpv4-sp-d16 -mfloat-abi=hard -mthumb -Wl,--start-group -lc -lm -Wl,--end-group
Finished building target: 06_Harici_Kesme_Uygulamasi.elf
 
arm-none-eabi-size  06_Harici_Kesme_Uygulamasi.elf 
arm-none-eabi-objdump -h -S 06_Harici_Kesme_Uygulamasi.elf  > "06_Harici_Kesme_Uygulamasi.list"
   text	   data	    bss	    dec	    hex	filename
   6044	     12	   1572	   7628	   1dcc	06_Harici_Kesme_Uygulamasi.elf
Finished building: default.size.stdout
 
Finished building: 06_Harici_Kesme_Uygulamasi.list
 

15:52:25 Build Finished. 0 errors, 0 warnings. (took 436ms)

