13:53:57 **** Incremental Build of configuration Debug for project 10_ADC_Voltaj_Okuma ****
make -j20 all 
arm-none-eabi-gcc "../Core/Src/main.c" -mcpu=cortex-m4 -std=gnu11 -g3 -DDEBUG -DUSE_HAL_DRIVER -DSTM32F407xx -c -I../Core/Inc -I../Drivers/STM32F4xx_HAL_Driver/Inc -I../Drivers/STM32F4xx_HAL_Driver/Inc/Legacy -I../Drivers/CMSIS/Device/ST/STM32F4xx/Include -I../Drivers/CMSIS/Include -O0 -ffunction-sections -fdata-sections -Wall -fstack-usage -fcyclomatic-complexity -MMD -MP -MF"Core/Src/main.d" -MT"Core/Src/main.o" --specs=nano.specs -mfpu=fpv4-sp-d16 -mfloat-abi=hard -mthumb -o "Core/Src/main.o"
arm-none-eabi-gcc -o "10_ADC_Voltaj_Okuma.elf" @"objects.list"   -mcpu=cortex-m4 -T"C:\Users\atill\STM32CubeIDE\workspace_1.15.1\10_ADC_Voltaj_Okuma\STM32F407VGTX_FLASH.ld" --specs=nosys.specs -Wl,-Map="10_ADC_Voltaj_Okuma.map" -Wl,--gc-sections -static --specs=nano.specs -mfpu=fpv4-sp-d16 -mfloat-abi=hard -mthumb -Wl,--start-group -lc -lm -Wl,--end-group
Finished building target: 10_ADC_Voltaj_Okuma.elf
 
arm-none-eabi-size  10_ADC_Voltaj_Okuma.elf 
arm-none-eabi-objdump -h -S 10_ADC_Voltaj_Okuma.elf  > "10_ADC_Voltaj_Okuma.list"
   text	   data	    bss	    dec	    hex	filename
  10356	     12	   1652	  12020	   2ef4	10_ADC_Voltaj_Okuma.elf
Finished building: default.size.stdout
 
Finished building: 10_ADC_Voltaj_Okuma.list
 

13:53:58 Build Finished. 0 errors, 0 warnings. (took 436ms)

