14:18:57 **** Incremental Build of configuration Debug for project 14_Timer_Ile_Led_Kontrolu ****
make -j20 all 
arm-none-eabi-gcc "../Core/Src/main.c" -mcpu=cortex-m4 -std=gnu11 -g3 -DDEBUG -DUSE_HAL_DRIVER -DSTM32F407xx -c -I../Core/Inc -I../Drivers/STM32F4xx_HAL_Driver/Inc -I../Drivers/STM32F4xx_HAL_Driver/Inc/Legacy -I../Drivers/CMSIS/Device/ST/STM32F4xx/Include -I../Drivers/CMSIS/Include -O0 -ffunction-sections -fdata-sections -Wall -fstack-usage -fcyclomatic-complexity -MMD -MP -MF"Core/Src/main.d" -MT"Core/Src/main.o" --specs=nano.specs -mfpu=fpv4-sp-d16 -mfloat-abi=hard -mthumb -o "Core/Src/main.o"
arm-none-eabi-gcc -o "14_Timer_Ile_Led_Kontrolu.elf" @"objects.list"   -mcpu=cortex-m4 -T"C:\Users\atill\STM32CubeIDE\workspace_1.15.1\14_Timer_Ile_Led_Kontrolu\STM32F407VGTX_FLASH.ld" --specs=nosys.specs -Wl,-Map="14_Timer_Ile_Led_Kontrolu.map" -Wl,--gc-sections -static --specs=nano.specs -mfpu=fpv4-sp-d16 -mfloat-abi=hard -mthumb -Wl,--start-group -lc -lm -Wl,--end-group
Finished building target: 14_Timer_Ile_Led_Kontrolu.elf
 
arm-none-eabi-size  14_Timer_Ile_Led_Kontrolu.elf 
arm-none-eabi-objdump -h -S 14_Timer_Ile_Led_Kontrolu.elf  > "14_Timer_Ile_Led_Kontrolu.list"
   text	   data	    bss	    dec	    hex	filename
   7796	     12	   1644	   9452	   24ec	14_Timer_Ile_Led_Kontrolu.elf
Finished building: default.size.stdout
 
Finished building: 14_Timer_Ile_Led_Kontrolu.list
 

14:18:57 Build Finished. 0 errors, 0 warnings. (took 436ms)

