14:30:08 **** Incremental Build of configuration Debug for project 15_Timer_Kesme_Uygulamasi ****
make -j20 all 
arm-none-eabi-gcc "../Core/Src/main.c" -mcpu=cortex-m4 -std=gnu11 -g3 -DDEBUG -DUSE_HAL_DRIVER -DSTM32F407xx -c -I../Core/Inc -I../Drivers/STM32F4xx_HAL_Driver/Inc -I../Drivers/STM32F4xx_HAL_Driver/Inc/Legacy -I../Drivers/CMSIS/Device/ST/STM32F4xx/Include -I../Drivers/CMSIS/Include -O0 -ffunction-sections -fdata-sections -Wall -fstack-usage -fcyclomatic-complexity -MMD -MP -MF"Core/Src/main.d" -MT"Core/Src/main.o" --specs=nano.specs -mfpu=fpv4-sp-d16 -mfloat-abi=hard -mthumb -o "Core/Src/main.o"
arm-none-eabi-gcc -o "15_Timer_Kesme_Uygulamasi.elf" @"objects.list"   -mcpu=cortex-m4 -T"C:\Users\atill\STM32CubeIDE\workspace_1.15.1\15_Timer_Kesme_Uygulamasi\STM32F407VGTX_FLASH.ld" --specs=nosys.specs -Wl,-Map="15_Timer_Kesme_Uygulamasi.map" -Wl,--gc-sections -static --specs=nano.specs -mfpu=fpv4-sp-d16 -mfloat-abi=hard -mthumb -Wl,--start-group -lc -lm -Wl,--end-group
Finished building target: 15_Timer_Kesme_Uygulamasi.elf
 
arm-none-eabi-size  15_Timer_Kesme_Uygulamasi.elf 
arm-none-eabi-objdump -h -S 15_Timer_Kesme_Uygulamasi.elf  > "15_Timer_Kesme_Uygulamasi.list"
   text	   data	    bss	    dec	    hex	filename
   7344	     12	   1644	   9000	   2328	15_Timer_Kesme_Uygulamasi.elf
Finished building: default.size.stdout
 
Finished building: 15_Timer_Kesme_Uygulamasi.list
 

14:30:08 Build Finished. 0 errors, 0 warnings. (took 434ms)

